200
{"gorev2_ciktisi":{"yonlendirme_karari":{"islem_yapacak_ana_kurum":"İlgili İlçe/İl Sağlık Müdürlüğü","geregi_icin_yonlendirilecek_birim":"Halk Sağlığı Müdürlüğü veya İlgili Sağlık Birimi","bilgi_icin_iletilecek_birimler":[],"yonlendirme_gerekcesi":"Evrak türü 'Dilekçe' olarak belirlenmiş ve sektör 'sağlık' olarak işaretlenmiştir. Konu 'deneme' olarak belirtildiği için spesifik bir sağlık sorunu veya talebi net değildir. Ancak 3071 Sayılı Dilekçe Kanunu gereği, sağlık sektörüne ilişkin başvurular yetkili sağlık idaresi olan İl/İlçe Sağlık Müdürlüklerine yönlendirilmelidir. Konunun netleştirilmesi ve yetkili birimin tespit edilmesi için genel sağlık birimine yönlendirilmiştir."},"resmi_yazi_taslagi":{"yazi_turu":"Üst Yazı","konu":"Deneme amaçlı sağlık dilekçesi hakkında","ilgi":"Tarihsiz ve isimsiz deneme dilekçesi","govde_metni":"T.C.\nİLGİLİ İLÇE/İL SAĞLIK MÜDÜRLÜĞÜ\n\nSayı  : E-51193977-950.01.04-1073\nKonu  : DENEME AMAÇLI SAĞLIK DİLEKÇESİ HAKKINDA\nTarih : 28.08.2026\n\nİLGİLİ İLÇE/İL SAĞLIK MÜDÜRLÜĞÜ HALK SAĞLIĞI MÜDÜRLÜĞÜ VEYA İLGİLİ SAĞLIK BİRİMİNE\n\nİlgi: Tarihsiz ve isimsiz deneme dilekçesi\n\nSöz konusu dilekçenin içeriğinin 'deneme' olarak belirtildiği ve somut bir sağlık talebi veya şikayeti barındırmadığı görülmektedir. 3071 Sayılı Dilekçe Hakkının Kullanılmasına Dair Kanun hükümleri çerçevesinde, sağlık sektörüne ilişkin başvuruların incelenmesi ve gerekli işlemin yapılması amacıyla evrakın ilgili birime sevkini ve konunun netleştirilmesi hususunda.\n\nGereğini arz ederim.\n\n[İMZALAYAN MAKAM - DOLDURULACAK]\n","imza_makami":"[İMZALAYAN MAKAM - DOLDURULACAK]"},"kullanici_bilgilendirme":{"kullaniciya_gosterilecek_mesaj":"Başvurunuz incelenmiş ve sağlık sektörüne ilişkin olduğu tespit edilmiştir. Başvurunuzun değerlendirilmesi ve işlem yapılması amacıyla yetkili birim olan Halk Sağlığı Müdürlüğü'ne yönlendirilmiştir. Sürecin takibi için başvuru numaranızı kullanabilirsiniz.","sistem_aksiyon_durumu":"İşleme Alındı"}}}